// Jest Snapshot v1, https://goo.gl/fbAQLP

exports[`Canvas renders correctly 1`] = `
ShallowWrapper {
  Symbol(enzyme.__root__): [Circular],
  Symbol(enzyme.__unrendered__): <Canvas
    click={
      [MockFunction] {
        "calls": Array [
          Array [
            false,
            false,
          ],
        ],
        "results": Array [
          Object {
            "isThrow": false,
            "value": undefined,
          },
        ],
      }
    }
  />,
  Symbol(enzyme.__renderer__): Object {
    "batchedUpdates": [Function],
    "getNode": [Function],
    "render": [Function],
    "simulateError": [Function],
    "simulateEvent": [Function],
    "unmount": [Function],
  },
  Symbol(enzyme.__node__): Object {
    "instance": null,
    "key": undefined,
    "nodeType": "host",
    "props": Object {
      "children": <ForwardRef
        className="Canvas"
        height={648.96}
        onContentMousedown={[Function]}
        onContentMousemove={[Function]}
        onContentMouseup={[Function]}
        width={814.08}
      >
        <Layer />
      </ForwardRef>,
      "className": "CanvasWrapper",
    },
    "ref": null,
    "rendered": Object {
      "instance": null,
      "key": undefined,
      "nodeType": "function",
      "props": Object {
        "children": <Layer />,
        "className": "Canvas",
        "height": 648.96,
        "onContentMousedown": [Function],
        "onContentMousemove": [Function],
        "onContentMouseup": [Function],
        "width": 814.08,
      },
      "ref": [Function],
      "rendered": Object {
        "instance": null,
        "key": undefined,
        "nodeType": "host",
        "props": Object {
          "children": Array [],
        },
        "ref": null,
        "rendered": Array [],
        "type": "Layer",
      },
      "type": Object {
        "$$typeof": Symbol(react.forward_ref),
        "render": [Function],
      },
    },
    "type": "div",
  },
  Symbol(enzyme.__nodes__): Array [
    Object {
      "instance": null,
      "key": undefined,
      "nodeType": "host",
      "props": Object {
        "children": <ForwardRef
          className="Canvas"
          height={648.96}
          onContentMousedown={[Function]}
          onContentMousemove={[Function]}
          onContentMouseup={[Function]}
          width={814.08}
        >
          <Layer />
        </ForwardRef>,
        "className": "CanvasWrapper",
      },
      "ref": null,
      "rendered": Object {
        "instance": null,
        "key": undefined,
        "nodeType": "function",
        "props": Object {
          "children": <Layer />,
          "className": "Canvas",
          "height": 648.96,
          "onContentMousedown": [Function],
          "onContentMousemove": [Function],
          "onContentMouseup": [Function],
          "width": 814.08,
        },
        "ref": [Function],
        "rendered": Object {
          "instance": null,
          "key": undefined,
          "nodeType": "host",
          "props": Object {
            "children": Array [],
          },
          "ref": null,
          "rendered": Array [],
          "type": "Layer",
        },
        "type": Object {
          "$$typeof": Symbol(react.forward_ref),
          "render": [Function],
        },
      },
      "type": "div",
    },
  ],
  Symbol(enzyme.__options__): Object {
    "adapter": ReactSixteenAdapter {
      "options": Object {
        "enableComponentDidUpdateOnSetState": true,
        "lifecycles": Object {
          "componentDidUpdate": Object {
            "onSetState": true,
          },
          "getDerivedStateFromProps": true,
          "getSnapshotBeforeUpdate": true,
          "setState": Object {
            "skipsComponentDidUpdateOnNullish": true,
          },
        },
      },
    },
  },
}
`;
